Microchip MPLAB XC8 Compiler V2.20

Linker command line:

-W-3 \
  --edf=C:\Program Files (x86)\Microchip\MPLABX\v2.20\pic\dat\en_msgs.txt \
  -cn -h+dist/default/production\trabalho3.X.production.sym \
  --cmf=dist/default/production\trabalho3.X.production.cmf -z -Q16F877A \
  -oC:\Users\teixe\AppData\Local\Temp\s7c4.2 --defsym=__MPLAB_BUILD=1 \
  -Mdist/default/production/trabalho3.X.production.map -E1 \
  -ver=XC8 Compiler --acfsm=1493 -ASTACK=0110h-016Fh -pstack=STACK \
  -ACODE=00h-07FFhx4 -ASTRCODE=00h-01FFFh -ASTRING=00h-0FFhx32 \
  -ACONST=00h-0FFhx32 -AENTRY=00h-0FFhx32 -ACOMMON=070h-07Fh \
  -ABANK0=020h-06Fh -ABANK1=0A0h-0EFh -ABANK2=0110h-016Fh \
  -ABANK3=0190h-01EFh -ARAM=020h-06Fh,0A0h-0EFh,0110h-016Fh,0190h-01EFh \
  -AABS1=020h-07Fh,0A0h-0EFh,0110h-016Fh,0190h-01EFh -ASFR0=00h-01Fh \
  -ASFR1=080h-09Fh -ASFR2=0100h-010Fh -ASFR3=0180h-018Fh \
  -ACONFIG=02007h-02007h -DCONFIG=2 -AIDLOC=02000h-02003h -DIDLOC=2 \
  -preset_vec=00h,intentry=04h,init,end_init -ppowerup=CODE -pcinit=CODE \
  -pfunctab=ENTRY -AEEDATA=00h-0FFh/02100h -peeprom_data=EEDATA -DEEDATA=2 \
  -DCODE=2 -DSTRCODE=2 -DSTRING=2 -DCONST=2 -DENTRY=2 -k \
  C:\Users\teixe\AppData\Local\Temp\s7c4.o \
  dist/default/production\trabalho3.X.production.o 

Object code version is 3.11

Machine type is 16F877A



                Name                               Link     Load   Length Selector   Space Scale
C:\Users\teixe\AppData\Local\Temp\s7c4.o
                end_init                              C        C        3        8       0
                reset_vec                             0        0        3        0       0
                config                             2007     2007        1        0       4
dist/default/production\trabalho3.X.production.o
                cinit                                 F        F       42        8       0
                intentry                              4        4        8        8       0
                config                             2007     2007        1        0       4
                text30                              C78      C78       74     18F0       0
                text29                              947      947        D     128E       0
                text28                              92F      92F        C     125E       0
                text27                              98F      98F       17     131E       0
                text26                              90B      90B        9     1216       0
                text25                              914      914        9     1228       0
                text24                              91D      91D        9     123A       0
                text23                              964      964       15     12C8       0
                text22                              C0E      C0E       6A     181C       0
                text21                              9C5      9C5       24     138A       0
                text20                              B45      B45       61     168A       0
                text19                              E23      E23      1DD     1C46       0
                text18                              9E9      9E9       29     13D2       0
                text17                               51       51      361        8       0
                text16                              779      779       7C        8       0
                text15                              D67      D67       BC     1ACE       0
                text14                              CEC      CEC       7B     19D8       0
                text13                              93B      93B        C     1276       0
                text12                              926      926        9     124C       0
                text11                              979      979       16     12F2       0
                text10                              BA6      BA6       68     174C       0
                text9                               A12      A12       38     1424       0
                text8                               AFF      AFF       46     15FE       0
                text7                               A83      A83       3C     1506       0
                text6                               64B      64B      12E        8       0
                text5                               7F5      7F5        A        8       0
                text4                               ABF      ABF       40     157E       0
                text3                               A4A      A4A       39     1494       0
                text2                               954      954       10     12A8       0
                text1                               9A6      9A6       1F     134C       0
                maintext                            3B2      3B2      299        8       0
                cstackBANK0                          20       20       50       20       1
                cstackCOMMON                         70       70        6       70       1
                cstackBANK1                          A0       A0       16       A0       1
                cstackBANK3                         190      190       5A      190       1
                dataBANK1                            C0       C0        6       A0       1
                bssBANK1                             B6       B6        A       A0       1
                dataCOMMON                           78       78        2       70       1
                bssCOMMON                            76       76        2       70       1
                strings                             800      800       67     1000       0
                idataBANK1                          905      905        6     120A       0
                idataCOMMON                         903      903        2     1206       0

TOTAL           Name                               Link     Load   Length     Space
        CLASS   STACK          

        CLASS   CODE           
                end_init                              C        C        3         0
                cinit                                 F        F       42         0
                intentry                              4        4        8         0
                reset_vec                             0        0        3         0
                text30                              C78      C78       74         0
                text29                              947      947        D         0
                text28                              92F      92F        C         0
                text27                              98F      98F       17         0
                text26                              90B      90B        9         0
                text25                              914      914        9         0
                text24                              91D      91D        9         0
                text23                              964      964       15         0
                text22                              C0E      C0E       6A         0
                text21                              9C5      9C5       24         0
                text20                              B45      B45       61         0
                text19                              E23      E23      1DD         0
                text18                              9E9      9E9       29         0
                text17                               51       51      361         0
                text16                              779      779       7C         0
                text15                              D67      D67       BC         0
                text14                              CEC      CEC       7B         0
                text13                              93B      93B        C         0
                text12                              926      926        9         0
                text11                              979      979       16         0
                text10                              BA6      BA6       68         0
                text9                               A12      A12       38         0
                text8                               AFF      AFF       46         0
                text7                               A83      A83       3C         0
                text6                               64B      64B      12E         0
                text5                               7F5      7F5        A         0
                text4                               ABF      ABF       40         0
                text3                               A4A      A4A       39         0
                text2                               954      954       10         0
                text1                               9A6      9A6       1F         0
                maintext                            3B2      3B2      299         0
                idataBANK1                          905      905        6         0
                idataCOMMON                         903      903        2         0

        CLASS   STRCODE        

        CLASS   STRING         
                strings                             800      800       67         0

        CLASS   CONST          

        CLASS   ENTRY          

        CLASS   COMMON         
                cstackCOMMON                         70       70        6         1
                dataCOMMON                           78       78        2         1
                bssCOMMON                            76       76        2         1

        CLASS   BANK0          
                cstackBANK0                          20       20       50         1

        CLASS   BANK1          
                cstackBANK1                          A0       A0       16         1
                dataBANK1                            C0       C0        6         1
                bssBANK1                             B6       B6        A         1

        CLASS   BANK2          

        CLASS   BANK3          
                cstackBANK3                         190      190       5A         1

        CLASS   RAM            

        CLASS   ABS1           
                abs_s1                               7E       7E        2         1

        CLASS   SFR0           

        CLASS   SFR1           

        CLASS   SFR2           

        CLASS   SFR3           

        CLASS   CONFIG         
                config                             2007     2007        1         4

        CLASS   IDLOC          

        CLASS   EEDATA         



SEGMENTS        Name                           Load    Length   Top    Selector   Space  Class     Delta

                reset_vec                      000000  000003  000003         0       0  CODE        2
                intentry                       000004  0007FB  0007FF         8       0  CODE        2
                cstackBANK0                    000020  000050  000070        20       1  BANK0       1
                cstackCOMMON                   000070  00000A  00007A        70       1  COMMON      1
                cstackBANK1                    0000A0  000026  0000C6        A0       1  BANK1       1
                cstackBANK3                    000190  00005A  0001EA       190       1  BANK3       1
                strings                        000800  000067  000867      1000       0  STRING      2
                idataCOMMON                    000903  000002  000905      1206       0  CODE        2
                idataBANK1                     000905  000006  00090B      120A       0  CODE        2
                text26                         00090B  000009  000914      1216       0  CODE        2
                text25                         000914  000009  00091D      1228       0  CODE        2
                text24                         00091D  000009  000926      123A       0  CODE        2
                text12                         000926  000009  00092F      124C       0  CODE        2
                text28                         00092F  00000C  00093B      125E       0  CODE        2
                text13                         00093B  00000C  000947      1276       0  CODE        2
                text29                         000947  00000D  000954      128E       0  CODE        2
                text2                          000954  000010  000964      12A8       0  CODE        2
                text23                         000964  000015  000979      12C8       0  CODE        2
                text11                         000979  000016  00098F      12F2       0  CODE        2
                text27                         00098F  000017  0009A6      131E       0  CODE        2
                text1                          0009A6  00001F  0009C5      134C       0  CODE        2
                text21                         0009C5  000024  0009E9      138A       0  CODE        2
                text18                         0009E9  000029  000A12      13D2       0  CODE        2
                text9                          000A12  000038  000A4A      1424       0  CODE        2
                text3                          000A4A  000039  000A83      1494       0  CODE        2
                text7                          000A83  00003C  000ABF      1506       0  CODE        2
                text4                          000ABF  000040  000AFF      157E       0  CODE        2
                text8                          000AFF  000046  000B45      15FE       0  CODE        2
                text20                         000B45  000061  000BA6      168A       0  CODE        2
                text10                         000BA6  000068  000C0E      174C       0  CODE        2
                text22                         000C0E  00006A  000C78      181C       0  CODE        2
                text30                         000C78  000074  000CEC      18F0       0  CODE        2
                text14                         000CEC  00007B  000D67      19D8       0  CODE        2
                text15                         000D67  0000BC  000E23      1ACE       0  CODE        2
                text19                         000E23  0001DD  001000      1C46       0  CODE        2


UNUSED ADDRESS RANGES

        Name                Unused          Largest block    Delta
        BANK1            00C6-00EF             2A           1
        BANK2            0110-016F             60           1
        BANK3            01EA-01EF              6           1
        CODE             0003-0003              1           2
                         07FF-07FF              1
                         0867-0902             9C
                         1000-1FFF            800
        COMMON           007A-007D              4           1
        CONST            0003-0003              1           2
                         07FF-07FF              1
                         0867-0902             99
                         1000-1FFF            100
        EEDATA           2100-21FF            100           2
        ENTRY            0003-0003              1           2
                         07FF-07FF              1
                         0867-0902             99
                         1000-1FFF            100
        IDLOC            2000-2003              4           2
        RAM              00C6-00EF             2A           1
                         0110-016F             60
                         01EA-01EF              6
        SFR0             0000-001F             20           1
        SFR1             0080-009F             20           1
        SFR2             0100-010F             10           1
        SFR3             0180-018F             10           1
        STACK            0110-016F             60           1
        STRCODE          0003-0003              1           2
                         07FF-07FF              1
                         0867-0902             9C
                         1000-1FFF           1000
        STRING           0003-0003              1           2
                         07FF-07FF              1
                         0867-0902             99
                         1000-1FFF            100

                                  Symbol Table

?__Umul8_16                 cstackCOMMON 0074
?___fldiv                   cstackBANK0  002E
?___flmul                   cstackBANK0  0048
?___fltol                   cstackBANK0  0062
?___lldiv                   cstackBANK0  0020
?___lwdiv                   cstackBANK0  0020
?___lwmod                   cstackBANK0  0027
?___xxtofl                  cstackBANK0  0020
?_sprintf                   cstackBANK0  002B
?_strlen                    cstackCOMMON 0074
?_valuefromSensor           cstackCOMMON 0074
EEPROM_Read_Page@add        cstackBANK0  0020
EEPROM_Read_Page@data       cstackBANK0  0022
EEPROM_Read_Page@i          cstackBANK0  0025
EEPROM_Read_Page@len        cstackBANK0  0023
EEPROM_Write_Page@add       cstackBANK0  0022
EEPROM_Write_Page@data      cstackBANK0  0024
EEPROM_Write_Page@i         cstackBANK0  0027
EEPROM_Write_Page@len       cstackBANK0  0025
PWMDuty@duty                cstackBANK0  006C
_ACKDT                      (abs)        048D
_ACKEN                      (abs)        048C
_ACKSTAT                    (abs)        048E
_ADCON0                     (abs)        001F
_ADCON1                     (abs)        009F
_ADRESH                     (abs)        001E
_ADRESL                     (abs)        009E
_CCP1CONbits                (abs)        0017
_CCP1X                      (abs)        00BD
_CCP1Y                      (abs)        00BC
_CCPR1L                     (abs)        0015
_EEPROM_Read_Page           text22       0C0E
_EEPROM_Write_Page          text20       0B45
_GO_nDONE                   (abs)        00FA
_INTCONbits                 (abs)        000B
_INTF                       (abs)        0059
_OPTION_REG                 (abs)        0081
_PEN                        (abs)        048A
_PIR1bits                   (abs)        000C
_PORTBbits                  (abs)        0006
_PORTC                      (abs)        0007
_PORTCbits                  (abs)        0007
_PR2                        (abs)        0092
_PWMDuty                    text14       0CEC
_PWMSetup                   text13       093B
_RCEN                       (abs)        048B
_RCIF                       (abs)        0065
_RCREG                      (abs)        001A
_RCSTAbits                  (abs)        0018
_RSEN                       (abs)        0489
_SEN                        (abs)        0488
_SPBRG                      (abs)        0099
_SSPADD                     (abs)        0093
_SSPBUF                     (abs)        0013
_SSPCON                     (abs)        0014
_SSPCON2                    (abs)        0091
_SSPIF                      (abs)        0063
_SSPSTAT                    (abs)        0094
_T1CON                      (abs)        0010
_T2CONbits                  (abs)        0012
_TMR0IF                     (abs)        005A
_TMR1H                      (abs)        000F
_TMR1L                      (abs)        000E
_TRISBbits                  (abs)        0086
_TRISCbits                  (abs)        0087
_TXIF                       (abs)        0064
_TXREG                      (abs)        0019
_TXSTAbits                  (abs)        0098
__Habs1                     abs1         0000
__Hbank0                    bank0        0000
__Hbank1                    bank1        0000
__Hbank2                    bank2        0000
__Hbank3                    bank3        0000
__HbssBANK1                 bssBANK1     0000
__HbssCOMMON                bssCOMMON    0000
__Hcinit                    cinit        0051
__Hclrtext                  clrtext      0000
__Hcode                     code         0000
__Hcommon                   common       0000
__Hconfig                   config       2008
__HcstackBANK0              cstackBANK0  0000
__HcstackBANK1              cstackBANK1  0000
__HcstackBANK3              cstackBANK3  0000
__HcstackCOMMON             cstackCOMMON 0000
__HdataBANK1                dataBANK1    0000
__HdataCOMMON               dataCOMMON   0000
__Heeprom_data              eeprom_data  0000
__Hend_init                 end_init     000F
__Hfunctab                  functab      0000
__HidataBANK1               idataBANK1   0000
__HidataCOMMON              idataCOMMON  0000
__Hinit                     init         000C
__Hintentry                 intentry     000C
__Hmaintext                 maintext     0000
__Hpowerup                  powerup      0000
__Hram                      ram          0000
__Hreset_vec                reset_vec    0003
__Hsfr0                     sfr0         0000
__Hsfr1                     sfr1         0000
__Hsfr2                     sfr2         0000
__Hsfr3                     sfr3         0000
__Hspace_0                  (abs)        1000
__Hspace_1                  (abs)        01EA
__Hspace_2                  (abs)        0000
__Hspace_3                  (abs)        0000
__Hspace_4                  (abs)        400F
__Hstack                    stack        0000
__Hstrings                  strings      0000
__Htext                     text         0000
__Labs1                     abs1         0000
__Lbank0                    bank0        0000
__Lbank1                    bank1        0000
__Lbank2                    bank2        0000
__Lbank3                    bank3        0000
__LbssBANK1                 bssBANK1     0000
__LbssCOMMON                bssCOMMON    0000
__Lcinit                    cinit        000F
__Lclrtext                  clrtext      0000
__Lcode                     code         0000
__Lcommon                   common       0000
__Lconfig                   config       0000
__LcstackBANK0              cstackBANK0  0000
__LcstackBANK1              cstackBANK1  0000
__LcstackBANK3              cstackBANK3  0000
__LcstackCOMMON             cstackCOMMON 0000
__LdataBANK1                dataBANK1    0000
__LdataCOMMON               dataCOMMON   0000
__Leeprom_data              eeprom_data  0000
__Lend_init                 end_init     000C
__Lfunctab                  functab      0000
__LidataBANK1               idataBANK1   0000
__LidataCOMMON              idataCOMMON  0000
__Linit                     init         000C
__Lintentry                 intentry     0004
__Lmaintext                 maintext     0000
__Lpowerup                  powerup      0000
__Lram                      ram          0000
__Lreset_vec                reset_vec    0000
__Lsfr0                     sfr0         0000
__Lsfr1                     sfr1         0000
__Lsfr2                     sfr2         0000
__Lsfr3                     sfr3         0000
__Lspace_0                  (abs)        0000
__Lspace_1                  (abs)        0000
__Lspace_2                  (abs)        0000
__Lspace_3                  (abs)        0000
__Lspace_4                  (abs)        0000
__Lstack                    stack        0000
__Lstrings                  strings      0000
__Ltext                     text         0000
__S0                        (abs)        1000
__S1                        (abs)        01EA
__S2                        (abs)        0000
__S3                        (abs)        0000
__Umul8_16                  text18       09E9
__Umul8_16@multiplicand     cstackCOMMON 0074
__Umul8_16@multiplier       cstackBANK0  0026
__Umul8_16@product          cstackBANK0  0022
__Umul8_16@word_mpld        cstackBANK0  0024
___fldiv                    text19       0E23
___fldiv@a                  cstackBANK0  002E
___fldiv@aexp               cstackBANK0  0047
___fldiv@b                  cstackBANK0  0032
___fldiv@bexp               cstackBANK0  0046
___fldiv@grs                cstackBANK0  0042
___fldiv@new_exp            cstackBANK0  0040
___fldiv@rem                cstackBANK0  003B
___fldiv@sign               cstackBANK0  003F
___flmul                    text17       0051
___flmul@a                  cstackBANK0  004C
___flmul@aexp               cstackBANK0  0056
___flmul@b                  cstackBANK0  0048
___flmul@bexp               cstackBANK0  005B
___flmul@grs                cstackBANK0  0057
___flmul@prod               cstackBANK0  005C
___flmul@sign               cstackBANK0  0055
___flmul@temp               cstackBANK0  0060
___fltol                    text16       0779
___fltol@exp1               cstackBANK0  006B
___fltol@f1                 cstackBANK0  0062
___fltol@sign1              cstackBANK0  006A
___int_sp                   stack        0000
___latbits                  (abs)        0002
___lldiv                    text10       0BA6
___lldiv@counter            cstackBANK0  002C
___lldiv@dividend           cstackBANK0  0024
___lldiv@divisor            cstackBANK0  0020
___lldiv@quotient           cstackBANK0  0028
___lwdiv                    text8        0AFF
___lwdiv@counter            cstackBANK0  0024
___lwdiv@dividend           cstackBANK0  0022
___lwdiv@divisor            cstackBANK0  0020
___lwdiv@quotient           cstackBANK0  0025
___lwmod                    text7        0A83
___lwmod@counter            cstackCOMMON 0074
___lwmod@dividend           cstackBANK0  0029
___lwmod@divisor            cstackBANK0  0027
___sp                       stack        0000
___stackhi                  (abs)        0000
___stacklo                  (abs)        0000
___xxtofl                   text15       0D67
___xxtofl@arg               cstackBANK0  002A
___xxtofl@exp               cstackBANK0  0029
___xxtofl@sign              cstackBANK0  0028
___xxtofl@val               cstackBANK0  0020
__end_of_EEPROM_Read_Page   text22       0C78
__end_of_EEPROM_Write_Page  text20       0BA6
__end_of_PWMDuty            text14       0D67
__end_of_PWMSetup           text13       0947
__end_of__Umul8_16          text18       0A12
__end_of___fldiv            text19       1000
__end_of___flmul            text17       03B2
__end_of___fltol            text16       07F5
__end_of___lldiv            text10       0C0E
__end_of___lwdiv            text8        0B45
__end_of___lwmod            text7        0ABF
__end_of___xxtofl           text15       0E23
__end_of__initialization    cinit        004D
__end_of__stringtab         strings      0810
__end_of_adcSetup           text12       092F
__end_of_buzzer             text11       098F
__end_of_dpowers            strings      081A
__end_of_i2cSetup           text9        0A4A
__end_of_i2c_ACK            text28       093B
__end_of_i2c_Read           text27       09A6
__end_of_i2c_Restart        text26       0914
__end_of_i2c_Start          text25       091D
__end_of_i2c_Stop           text24       0926
__end_of_i2c_Wait           text29       0954
__end_of_i2c_Write          text23       0979
__end_of_main               maintext     064B
__end_of_sendMessage        text3        0A83
__end_of_sprintf            text6        0779
__end_of_strlen             text21       09E9
__end_of_timer              text30       0CEC
__end_of_uartSendChar       text5        07FF
__end_of_uartSendString     text4        0AFF
__end_of_usartSetup         text2        0964
__end_of_valuefromSensor    text1        09C5
__initialization            cinit        000F
__pbssBANK1                 bssBANK1     00B6
__pbssCOMMON                bssCOMMON    0076
__pcstackBANK0              cstackBANK0  0020
__pcstackBANK1              cstackBANK1  00A0
__pcstackBANK3              cstackBANK3  0190
__pcstackCOMMON             cstackCOMMON 0070
__pdataBANK1                dataBANK1    00C0
__pdataCOMMON               dataCOMMON   0078
__pidataBANK1               idataBANK1   0905
__pidataCOMMON              idataCOMMON  0903
__pintentry                 intentry     0004
__pmaintext                 maintext     03B2
__pstrings                  strings      0800
__ptext1                    text1        09A6
__ptext10                   text10       0BA6
__ptext11                   text11       0979
__ptext12                   text12       0926
__ptext13                   text13       093B
__ptext14                   text14       0CEC
__ptext15                   text15       0D67
__ptext16                   text16       0779
__ptext17                   text17       0051
__ptext18                   text18       09E9
__ptext19                   text19       0E23
__ptext2                    text2        0954
__ptext20                   text20       0B45
__ptext21                   text21       09C5
__ptext22                   text22       0C0E
__ptext23                   text23       0964
__ptext24                   text24       091D
__ptext25                   text25       0914
__ptext26                   text26       090B
__ptext27                   text27       098F
__ptext28                   text28       092F
__ptext29                   text29       0947
__ptext3                    text3        0A4A
__ptext30                   text30       0C78
__ptext4                    text4        0ABF
__ptext5                    text5        07F5
__ptext6                    text6        064B
__ptext7                    text7        0A83
__ptext8                    text8        0AFF
__ptext9                    text9        0A12
__size_of_EEPROM_Read_Page  (abs)        0000
__size_of_EEPROM_Write_Page (abs)        0000
__size_of_PWMDuty           (abs)        0000
__size_of_PWMSetup          (abs)        0000
__size_of__Umul8_16         (abs)        0000
__size_of___fldiv           (abs)        0000
__size_of___flmul           (abs)        0000
__size_of___fltol           (abs)        0000
__size_of___lldiv           (abs)        0000
__size_of___lwdiv           (abs)        0000
__size_of___lwmod           (abs)        0000
__size_of___xxtofl          (abs)        0000
__size_of_adcSetup          (abs)        0000
__size_of_buzzer            (abs)        0000
__size_of_i2cSetup          (abs)        0000
__size_of_i2c_ACK           (abs)        0000
__size_of_i2c_Read          (abs)        0000
__size_of_i2c_Restart       (abs)        0000
__size_of_i2c_Start         (abs)        0000
__size_of_i2c_Stop          (abs)        0000
__size_of_i2c_Wait          (abs)        0000
__size_of_i2c_Write         (abs)        0000
__size_of_main              (abs)        0000
__size_of_sendMessage       (abs)        0000
__size_of_sprintf           (abs)        0000
__size_of_strlen            (abs)        0000
__size_of_timer             (abs)        0000
__size_of_uartSendChar      (abs)        0000
__size_of_uartSendString    (abs)        0000
__size_of_usartSetup        (abs)        0000
__size_of_valuefromSensor   (abs)        0000
__stringbase                strings      080F
__stringtab                 strings      0800
_adcSetup                   text12       0926
_buzzer                     text11       0979
_count                      bssBANK1     00B6
_dpowers                    strings      0810
_em1                        dataBANK1    00C2
_em2                        dataBANK1    00C0
_i2cSetup                   text9        0A12
_i2c_ACK                    text28       092F
_i2c_Read                   text27       098F
_i2c_Restart                text26       090B
_i2c_Start                  text25       0914
_i2c_Stop                   text24       091D
_i2c_Wait                   text29       0947
_i2c_Write                  text23       0964
_main                       maintext     03B2
_old_Veloc                  dataBANK1    00C4
_received                   bssBANK1     00BA
_s                          bssBANK1     00BC
_send                       bssBANK1     00BE
_sendMessage                text3        0A4A
_sprintf                    text6        064B
_start                      bssCOMMON    0076
_strlen                     text21       09C5
_timer                      text30       0C78
_uartSendChar               text5        07F5
_uartSendString             text4        0ABF
_usartSetup                 text2        0954
_valuefromSensor            text1        09A6
_veloc                      dataCOMMON   0078
btemp                       (abs)        007E
end_of_initialization       cinit        004D
i2cSetup@baud               cstackBANK0  002D
i2c_Write@data              cstackCOMMON 0074
interrupt_function          intentry     0004
intlevel0                   functab      0000
intlevel1                   functab      0000
intlevel2                   functab      0000
intlevel3                   functab      0000
intlevel4                   functab      0000
intlevel5                   functab      0000
main@hum                    cstackBANK1  00B4
main@name                   cstackBANK1  00B3
main@param_hum              cstackBANK1  00AD
main@param_temp             cstackBANK1  00A9
main@param_vel              cstackBANK1  00AB
main@rajada                 cstackBANK1  00AF
main@temp                   cstackBANK1  00B1
main@teste                  cstackBANK1  00A3
reset_vec                   reset_vec    0000
saved_w                     (abs)        007E
sendMessage@humidade        cstackBANK0  0042
sendMessage@situation       cstackBANK0  0046
sendMessage@temp            cstackBANK0  0040
sendMessage@temp_buf        cstackBANK3  0190
sendMessage@velVent         cstackBANK0  0044
sprintf@ap                  cstackBANK0  0039
sprintf@c                   cstackBANK0  003F
sprintf@cp                  cstackBANK0  003A
sprintf@f                   cstackBANK0  002B
sprintf@flag                cstackBANK0  0037
sprintf@prec                cstackBANK0  0038
sprintf@sp                  cstackBANK0  003E
sprintf@val                 cstackBANK0  003C
start                       init         000C
start_initialization        cinit        000F
strlen@cp                   cstackBANK0  0020
strlen@s                    cstackCOMMON 0074
timer@countTimer1           cstackCOMMON 0072
uartSendChar@data           cstackCOMMON 0074
uartSendString@i            cstackBANK0  0025
uartSendString@str          cstackBANK0  0020
valuefromSensor@channel     cstackCOMMON 0074
wtemp0                      (abs)        007E


FUNCTION INFORMATION:

 *************** function _main *****************
 Defined at:
		line 159 in file "main.c"
 Parameters:    Size  Location     Type
		None
 Auto vars:     Size  Location     Type
  name            1   19[BANK1 ] unsigned char 
  hum             2   20[BANK1 ] int 
  temp            2   17[BANK1 ] int 
  teste           6    3[BANK1 ] unsigned char [6]
  rajada          2   15[BANK1 ] int 
  param_hum       2   13[BANK1 ] int 
  param_vel       2   11[BANK1 ] int 
  param_temp      2    9[BANK1 ] int 
 Return value:  Size  Location     Type
                  2  153[None  ] int 
 Registers used:
		wreg, fsr0l, fsr0h, status,2, status,0, btemp+1, pclath, cstack
 Tracked objects:
		On entry : 
		On exit  : 
		Unchanged: 
 Data sizes:     COMMON   BANK0   BANK1   BANK3   BANK2
      Params:         0       0       0       0       0
      Locals:         0       0      19       0       0
      Temps:          0       0       3       0       0
      Totals:         0       0      22       0       0
Total ram usage:       22 bytes
 Hardware stack levels required when called:    4
 This function calls:
		_EEPROM_Read_Page
		_EEPROM_Write_Page
		_PWMDuty
		_PWMSetup
		_adcSetup
		_buzzer
		_i2cSetup
		_sendMessage
		_uartSendString
		_usartSetup
		_valuefromSensor
 This function is called by:
		Startup code after reset
 This function uses a non-reentrant model


 *************** function _valuefromSensor *****************
 Defined at:
		line 144 in file "main.c"
 Parameters:    Size  Location     Type
  channel         2    4[COMMON] unsigned int 
 Auto vars:     Size  Location     Type
		None
 Return value:  Size  Location     Type
                  2    4[COMMON] unsigned int 
 Registers used:
		wreg, status,2, status,0, btemp+1
 Tracked objects:
		On entry : 
		On exit  : 
		Unchanged: 
 Data sizes:     COMMON   BANK0   BANK1   BANK3   BANK2
      Params:         2       0       0       0       0
      Locals:         0       0       0       0       0
      Temps:          0       1       0       0       0
      Totals:         2       1       0       0       0
Total ram usage:        3 bytes
 Hardware stack levels used:    1
 Hardware stack levels required when called:    1
 This function calls:
		Nothing
 This function is called by:
		_main
 This function uses a non-reentrant model


 *************** function _usartSetup *****************
 Defined at:
		line 54 in file "main.c"
 Parameters:    Size  Location     Type
		None
 Auto vars:     Size  Location     Type
		None
 Return value:  Size  Location     Type
                  1    wreg      void 
 Registers used:
		wreg
 Tracked objects:
		On entry : 
		On exit  : 
		Unchanged: 
 Data sizes:     COMMON   BANK0   BANK1   BANK3   BANK2
      Params:         0       0       0       0       0
      Locals:         0       0       0       0       0
      Temps:          0       0       0       0       0
      Totals:         0       0       0       0       0
Total ram usage:        0 bytes
 Hardware stack levels used:    1
 Hardware stack levels required when called:    1
 This function calls:
		Nothing
 This function is called by:
		_main
 This function uses a non-reentrant model


 *************** function _sendMessage *****************
 Defined at:
		line 152 in file "main.c"
 Parameters:    Size  Location     Type
  temp            2   32[BANK0 ] int 
  humidade        2   34[BANK0 ] int 
  velVent         2   36[BANK0 ] int 
  situation       1   38[BANK0 ] PTR unsigned char 
		 -> STR_6(4), STR_5(4), STR_4(2), STR_3(3), 
 Auto vars:     Size  Location     Type
  temp_buf       90    0[BANK3 ] unsigned char [90]
 Return value:  Size  Location     Type
                  1    wreg      void 
 Registers used:
		wreg, fsr0l, fsr0h, status,2, status,0, btemp+1, pclath, cstack
 Tracked objects:
		On entry : 
		On exit  : 
		Unchanged: 
 Data sizes:     COMMON   BANK0   BANK1   BANK3   BANK2
      Params:         0       7       0       0       0
      Locals:         0       0       0      90       0
      Temps:          0       0       0       0       0
      Totals:         0       7       0      90       0
Total ram usage:       97 bytes
 Hardware stack levels used:    1
 Hardware stack levels required when called:    3
 This function calls:
		_sprintf
		_strlen
		_uartSendString
 This function is called by:
		_main
 This function uses a non-reentrant model


 *************** function _uartSendString *****************
 Defined at:
		line 46 in file "main.c"
 Parameters:    Size  Location     Type
  str             2    0[BANK0 ] PTR unsigned char 
		 -> main@teste(6), sendMessage@temp_buf(90), 
 Auto vars:     Size  Location     Type
  i               2    5[BANK0 ] int 
 Return value:  Size  Location     Type
                  1    wreg      void 
 Registers used:
		wreg, fsr0l, fsr0h, status,2, status,0, pclath, cstack
 Tracked objects:
		On entry : 
		On exit  : 
		Unchanged: 
 Data sizes:     COMMON   BANK0   BANK1   BANK3   BANK2
      Params:         0       2       0       0       0
      Locals:         0       2       0       0       0
      Temps:          0       3       0       0       0
      Totals:         0       7       0       0       0
Total ram usage:        7 bytes
 Hardware stack levels used:    1
 Hardware stack levels required when called:    2
 This function calls:
		_uartSendChar
 This function is called by:
		_sendMessage
		_main
 This function uses a non-reentrant model


 *************** function _uartSendChar *****************
 Defined at:
		line 39 in file "main.c"
 Parameters:    Size  Location     Type
  data            1    wreg     unsigned char 
 Auto vars:     Size  Location     Type
  data            1    4[COMMON] unsigned char 
 Return value:  Size  Location     Type
                  1    wreg      void 
 Registers used:
		wreg
 Tracked objects:
		On entry : 
		On exit  : 
		Unchanged: 
 Data sizes:     COMMON   BANK0   BANK1   BANK3   BANK2
      Params:         0       0       0       0       0
      Locals:         1       0       0       0       0
      Temps:          0       0       0       0       0
      Totals:         1       0       0       0       0
Total ram usage:        1 bytes
 Hardware stack levels used:    1
 Hardware stack levels required when called:    1
 This function calls:
		Nothing
 This function is called by:
		_uartSendString
 This function uses a non-reentrant model


 *************** function _sprintf *****************
 Defined at:
		line 505 in file "C:\Program Files (x86)\Microchip\MPLABX\v2.20\pic\sources\c90\common\doprnt.c"
 Parameters:    Size  Location     Type
  sp              1    wreg     PTR unsigned char 
		 -> sendMessage@temp_buf(90), 
  f               1   11[BANK0 ] PTR const unsigned char 
		 -> STR_1(50), 
 Auto vars:     Size  Location     Type
  sp              1   30[BANK0 ] PTR unsigned char 
		 -> sendMessage@temp_buf(90), 
  tmpval          4    0        struct .
  val             2   28[BANK0 ] unsigned int 
  cp              2   26[BANK0 ] PTR const unsigned char 
		 -> STR_7(7), ?_sprintf(2), STR_6(4), STR_5(4), 
		 -> STR_4(2), STR_3(3), 
  len             2    0        unsigned int 
  c               1   31[BANK0 ] unsigned char 
  ap              1   25[BANK0 ] PTR void [1]
		 -> ?_sprintf(2), 
  prec            1   24[BANK0 ] char 
  flag            1   23[BANK0 ] unsigned char 
 Return value:  Size  Location     Type
                  2   11[BANK0 ] int 
 Registers used:
		wreg, fsr0l, fsr0h, status,2, status,0, btemp+1, pclath, cstack
 Tracked objects:
		On entry : 
		On exit  : 
		Unchanged: 
 Data sizes:     COMMON   BANK0   BANK1   BANK3   BANK2
      Params:         0       9       0       0       0
      Locals:         0       9       0       0       0
      Temps:          0       3       0       0       0
      Totals:         0      21       0       0       0
Total ram usage:       21 bytes
 Hardware stack levels used:    1
 Hardware stack levels required when called:    2
 This function calls:
		___lwdiv
		___lwmod
 This function is called by:
		_sendMessage
 This function uses a non-reentrant model


 *************** function ___lwmod *****************
 Defined at:
		line 5 in file "C:\Program Files (x86)\Microchip\MPLABX\v2.20\pic\sources\c90\common\lwmod.c"
 Parameters:    Size  Location     Type
  divisor         2    7[BANK0 ] unsigned int 
  dividend        2    9[BANK0 ] unsigned int 
 Auto vars:     Size  Location     Type
  counter         1    4[COMMON] unsigned char 
 Return value:  Size  Location     Type
                  2    7[BANK0 ] unsigned int 
 Registers used:
		wreg, status,2, status,0, btemp+1
 Tracked objects:
		On entry : 
		On exit  : 
		Unchanged: 
 Data sizes:     COMMON   BANK0   BANK1   BANK3   BANK2
      Params:         0       4       0       0       0
      Locals:         1       0       0       0       0
      Temps:          0       0       0       0       0
      Totals:         1       4       0       0       0
Total ram usage:        5 bytes
 Hardware stack levels used:    1
 Hardware stack levels required when called:    1
 This function calls:
		Nothing
 This function is called by:
		_sprintf
 This function uses a non-reentrant model


 *************** function ___lwdiv *****************
 Defined at:
		line 5 in file "C:\Program Files (x86)\Microchip\MPLABX\v2.20\pic\sources\c90\common\lwdiv.c"
 Parameters:    Size  Location     Type
  divisor         2    0[BANK0 ] unsigned int 
  dividend        2    2[BANK0 ] unsigned int 
 Auto vars:     Size  Location     Type
  quotient        2    5[BANK0 ] unsigned int 
  counter         1    4[BANK0 ] unsigned char 
 Return value:  Size  Location     Type
                  2    0[BANK0 ] unsigned int 
 Registers used:
		wreg, status,2, status,0, btemp+1
 Tracked objects:
		On entry : 
		On exit  : 
		Unchanged: 
 Data sizes:     COMMON   BANK0   BANK1   BANK3   BANK2
      Params:         0       4       0       0       0
      Locals:         0       3       0       0       0
      Temps:          0       0       0       0       0
      Totals:         0       7       0       0       0
Total ram usage:        7 bytes
 Hardware stack levels used:    1
 Hardware stack levels required when called:    1
 This function calls:
		Nothing
 This function is called by:
		_sprintf
 This function uses a non-reentrant model


 *************** function _i2cSetup *****************
 Defined at:
		line 13 in file "EEPROM_ext.c"
 Parameters:    Size  Location     Type
  baud            4   13[BANK0 ] const unsigned long 
 Auto vars:     Size  Location     Type
		None
 Return value:  Size  Location     Type
                  1    wreg      void 
 Registers used:
		wreg, status,2, status,0, btemp+1, pclath, cstack
 Tracked objects:
		On entry : 
		On exit  : 
		Unchanged: 
 Data sizes:     COMMON   BANK0   BANK1   BANK3   BANK2
      Params:         0       4       0       0       0
      Locals:         0       0       0       0       0
      Temps:          0       4       0       0       0
      Totals:         0       8       0       0       0
Total ram usage:        8 bytes
 Hardware stack levels used:    1
 Hardware stack levels required when called:    2
 This function calls:
		___lldiv
 This function is called by:
		_main
 This function uses a non-reentrant model


 *************** function ___lldiv *****************
 Defined at:
		line 5 in file "C:\Program Files (x86)\Microchip\MPLABX\v2.20\pic\sources\c90\common\__lldiv.c"
 Parameters:    Size  Location     Type
  divisor         4    0[BANK0 ] unsigned long 
  dividend        4    4[BANK0 ] unsigned long 
 Auto vars:     Size  Location     Type
  quotient        4    8[BANK0 ] unsigned long 
  counter         1   12[BANK0 ] unsigned char 
 Return value:  Size  Location     Type
                  4    0[BANK0 ] unsigned long 
 Registers used:
		wreg, status,2, status,0, btemp+1
 Tracked objects:
		On entry : 
		On exit  : 
		Unchanged: 
 Data sizes:     COMMON   BANK0   BANK1   BANK3   BANK2
      Params:         0       8       0       0       0
      Locals:         0       5       0       0       0
      Temps:          1       0       0       0       0
      Totals:         1      13       0       0       0
Total ram usage:       14 bytes
 Hardware stack levels used:    1
 Hardware stack levels required when called:    1
 This function calls:
		Nothing
 This function is called by:
		_i2cSetup
 This function uses a non-reentrant model


 *************** function _buzzer *****************
 Defined at:
		line 131 in file "main.c"
 Parameters:    Size  Location     Type
		None
 Auto vars:     Size  Location     Type
		None
 Return value:  Size  Location     Type
                  1    wreg      void 
 Registers used:
		wreg
 Tracked objects:
		On entry : 
		On exit  : 
		Unchanged: 
 Data sizes:     COMMON   BANK0   BANK1   BANK3   BANK2
      Params:         0       0       0       0       0
      Locals:         0       0       0       0       0
      Temps:          0       3       0       0       0
      Totals:         0       3       0       0       0
Total ram usage:        3 bytes
 Hardware stack levels used:    1
 Hardware stack levels required when called:    1
 This function calls:
		Nothing
 This function is called by:
		_main
 This function uses a non-reentrant model


 *************** function _adcSetup *****************
 Defined at:
		line 66 in file "main.c"
 Parameters:    Size  Location     Type
		None
 Auto vars:     Size  Location     Type
		None
 Return value:  Size  Location     Type
                  1    wreg      void 
 Registers used:
		wreg
 Tracked objects:
		On entry : 
		On exit  : 
		Unchanged: 
 Data sizes:     COMMON   BANK0   BANK1   BANK3   BANK2
      Params:         0       0       0       0       0
      Locals:         0       0       0       0       0
      Temps:          0       0       0       0       0
      Totals:         0       0       0       0       0
Total ram usage:        0 bytes
 Hardware stack levels used:    1
 Hardware stack levels required when called:    1
 This function calls:
		Nothing
 This function is called by:
		_main
 This function uses a non-reentrant model


 *************** function _PWMSetup *****************
 Defined at:
		line 71 in file "main.c"
 Parameters:    Size  Location     Type
		None
 Auto vars:     Size  Location     Type
		None
 Return value:  Size  Location     Type
                  1    wreg      void 
 Registers used:
		wreg
 Tracked objects:
		On entry : 
		On exit  : 
		Unchanged: 
 Data sizes:     COMMON   BANK0   BANK1   BANK3   BANK2
      Params:         0       0       0       0       0
      Locals:         0       0       0       0       0
      Temps:          0       0       0       0       0
      Totals:         0       0       0       0       0
Total ram usage:        0 bytes
 Hardware stack levels used:    1
 Hardware stack levels required when called:    1
 This function calls:
		Nothing
 This function is called by:
		_main
 This function uses a non-reentrant model


 *************** function _PWMDuty *****************
 Defined at:
		line 81 in file "main.c"
 Parameters:    Size  Location     Type
  duty            2   76[BANK0 ] unsigned int 
 Auto vars:     Size  Location     Type
		None
 Return value:  Size  Location     Type
                  1    wreg      void 
 Registers used:
		wreg, status,2, status,0, btemp+1, pclath, cstack
 Tracked objects:
		On entry : 
		On exit  : 
		Unchanged: 
 Data sizes:     COMMON   BANK0   BANK1   BANK3   BANK2
      Params:         0       2       0       0       0
      Locals:         0       0       0       0       0
      Temps:          0       2       0       0       0
      Totals:         0       4       0       0       0
Total ram usage:        4 bytes
 Hardware stack levels used:    1
 Hardware stack levels required when called:    3
 This function calls:
		___fldiv
		___flmul
		___fltol
		___xxtofl
 This function is called by:
		_main
 This function uses a non-reentrant model


 *************** function ___xxtofl *****************
 Defined at:
		line 10 in file "C:\Program Files (x86)\Microchip\MPLABX\v2.20\pic\sources\c90\common\xxtofl.c"
 Parameters:    Size  Location     Type
  sign            1    wreg     unsigned char 
  val             4    0[BANK0 ] long 
 Auto vars:     Size  Location     Type
  sign            1    8[BANK0 ] unsigned char 
  arg             4   10[BANK0 ] unsigned long 
  exp             1    9[BANK0 ] unsigned char 
 Return value:  Size  Location     Type
                  4    0[BANK0 ] unsigned char 
 Registers used:
		wreg, status,2, status,0, btemp+1
 Tracked objects:
		On entry : 
		On exit  : 
		Unchanged: 
 Data sizes:     COMMON   BANK0   BANK1   BANK3   BANK2
      Params:         0       4       0       0       0
      Locals:         0       6       0       0       0
      Temps:          0       4       0       0       0
      Totals:         0      14       0       0       0
Total ram usage:       14 bytes
 Hardware stack levels used:    1
 Hardware stack levels required when called:    1
 This function calls:
		Nothing
 This function is called by:
		_PWMDuty
 This function uses a non-reentrant model


 *************** function ___fltol *****************
 Defined at:
		line 43 in file "C:\Program Files (x86)\Microchip\MPLABX\v2.20\pic\sources\c90\common\fltol.c"
 Parameters:    Size  Location     Type
  f1              4   66[BANK0 ] unsigned char 
 Auto vars:     Size  Location     Type
  exp1            1   75[BANK0 ] unsigned char 
  sign1           1   74[BANK0 ] unsigned char 
 Return value:  Size  Location     Type
                  4   66[BANK0 ] long 
 Registers used:
		wreg, status,2, status,0, btemp+1
 Tracked objects:
		On entry : 
		On exit  : 
		Unchanged: 
 Data sizes:     COMMON   BANK0   BANK1   BANK3   BANK2
      Params:         0       4       0       0       0
      Locals:         0       2       0       0       0
      Temps:          0       4       0       0       0
      Totals:         0      10       0       0       0
Total ram usage:       10 bytes
 Hardware stack levels used:    1
 Hardware stack levels required when called:    1
 This function calls:
		Nothing
 This function is called by:
		_PWMDuty
 This function uses a non-reentrant model


 *************** function ___flmul *****************
 Defined at:
		line 8 in file "C:\Program Files (x86)\Microchip\MPLABX\v2.20\pic\sources\c90\common\sprcmul.c"
 Parameters:    Size  Location     Type
  b               4   40[BANK0 ] long 
  a               4   44[BANK0 ] long 
 Auto vars:     Size  Location     Type
  prod            4   60[BANK0 ] struct .
  grs             4   55[BANK0 ] unsigned long 
  temp            2   64[BANK0 ] struct .
  bexp            1   59[BANK0 ] unsigned char 
  aexp            1   54[BANK0 ] unsigned char 
  sign            1   53[BANK0 ] unsigned char 
 Return value:  Size  Location     Type
                  4   40[BANK0 ] unsigned char 
 Registers used:
		wreg, status,2, status,0, btemp+1, pclath, cstack
 Tracked objects:
		On entry : 
		On exit  : 
		Unchanged: 
 Data sizes:     COMMON   BANK0   BANK1   BANK3   BANK2
      Params:         0       8       0       0       0
      Locals:         0      13       0       0       0
      Temps:          0       5       0       0       0
      Totals:         0      26       0       0       0
Total ram usage:       26 bytes
 Hardware stack levels used:    1
 Hardware stack levels required when called:    2
 This function calls:
		__Umul8_16
 This function is called by:
		_PWMDuty
 This function uses a non-reentrant model


 *************** function __Umul8_16 *****************
 Defined at:
		line 4 in file "C:\Program Files (x86)\Microchip\MPLABX\v2.20\pic\sources\c90\common\Umul8_16.c"
 Parameters:    Size  Location     Type
  multiplier      1    wreg     unsigned char 
  multiplicand    1    4[COMMON] unsigned char 
 Auto vars:     Size  Location     Type
  multiplier      1    6[BANK0 ] unsigned char 
  word_mpld       2    4[BANK0 ] unsigned int 
  product         2    2[BANK0 ] unsigned int 
 Return value:  Size  Location     Type
                  2    4[COMMON] unsigned int 
 Registers used:
		wreg, status,2, status,0
 Tracked objects:
		On entry : 
		On exit  : 
		Unchanged: 
 Data sizes:     COMMON   BANK0   BANK1   BANK3   BANK2
      Params:         2       0       0       0       0
      Locals:         0       5       0       0       0
      Temps:          0       2       0       0       0
      Totals:         2       7       0       0       0
Total ram usage:        9 bytes
 Hardware stack levels used:    1
 Hardware stack levels required when called:    1
 This function calls:
		Nothing
 This function is called by:
		___flmul
 This function uses a non-reentrant model


 *************** function ___fldiv *****************
 Defined at:
		line 8 in file "C:\Program Files (x86)\Microchip\MPLABX\v2.20\pic\sources\c90\common\sprcdiv.c"
 Parameters:    Size  Location     Type
  a               4   14[BANK0 ] unsigned int 
  b               4   18[BANK0 ] unsigned int 
 Auto vars:     Size  Location     Type
  grs             4   34[BANK0 ] unsigned long 
  rem             4   27[BANK0 ] unsigned long 
  new_exp         2   32[BANK0 ] int 
  aexp            1   39[BANK0 ] unsigned char 
  bexp            1   38[BANK0 ] unsigned char 
  sign            1   31[BANK0 ] unsigned char 
 Return value:  Size  Location     Type
                  4   14[BANK0 ] unsigned char 
 Registers used:
		wreg, status,2, status,0, btemp+1
 Tracked objects:
		On entry : 
		On exit  : 
		Unchanged: 
 Data sizes:     COMMON   BANK0   BANK1   BANK3   BANK2
      Params:         0       8       0       0       0
      Locals:         0      13       0       0       0
      Temps:          0       5       0       0       0
      Totals:         0      26       0       0       0
Total ram usage:       26 bytes
 Hardware stack levels used:    1
 Hardware stack levels required when called:    1
 This function calls:
		Nothing
 This function is called by:
		_PWMDuty
 This function uses a non-reentrant model


 *************** function _EEPROM_Write_Page *****************
 Defined at:
		line 106 in file "EEPROM_ext.c"
 Parameters:    Size  Location     Type
  add             2    2[BANK0 ] int 
  data            1    4[BANK0 ] PTR unsigned char 
		 -> STR_2(7), 
 Auto vars:     Size  Location     Type
  i               2    7[BANK0 ] unsigned int 
  len             2    5[BANK0 ] unsigned int 
 Return value:  Size  Location     Type
                  1    wreg      void 
 Registers used:
		wreg, fsr0l, fsr0h, status,2, status,0, btemp+1, pclath, cstack
 Tracked objects:
		On entry : 
		On exit  : 
		Unchanged: 
 Data sizes:     COMMON   BANK0   BANK1   BANK3   BANK2
      Params:         0       3       0       0       0
      Locals:         0       4       0       0       0
      Temps:          0       0       0       0       0
      Totals:         0       7       0       0       0
Total ram usage:        7 bytes
 Hardware stack levels used:    1
 Hardware stack levels required when called:    3
 This function calls:
		_i2c_Restart
		_i2c_Start
		_i2c_Stop
		_i2c_Write
		_strlen
 This function is called by:
		_main
 This function uses a non-reentrant model


 *************** function _strlen *****************
 Defined at:
		line 4 in file "C:\Program Files (x86)\Microchip\MPLABX\v2.20\pic\sources\c90\common\strlen.c"
 Parameters:    Size  Location     Type
  s               2    4[COMMON] PTR const unsigned char 
		 -> STR_2(7), sendMessage@temp_buf(90), 
 Auto vars:     Size  Location     Type
  cp              2    0[BANK0 ] PTR const unsigned char 
		 -> STR_2(7), sendMessage@temp_buf(90), 
 Return value:  Size  Location     Type
                  2    4[COMMON] unsigned int 
 Registers used:
		wreg, fsr0l, fsr0h, status,2, status,0, btemp+1, pclath
 Tracked objects:
		On entry : 
		On exit  : 
		Unchanged: 
 Data sizes:     COMMON   BANK0   BANK1   BANK3   BANK2
      Params:         2       0       0       0       0
      Locals:         0       2       0       0       0
      Temps:          0       0       0       0       0
      Totals:         2       2       0       0       0
Total ram usage:        4 bytes
 Hardware stack levels used:    2
 Hardware stack levels required when called:    1
 This function calls:
		Nothing
 This function is called by:
		_sendMessage
		_EEPROM_Write_Page
 This function uses a non-reentrant model


 *************** function _EEPROM_Read_Page *****************
 Defined at:
		line 123 in file "EEPROM_ext.c"
 Parameters:    Size  Location     Type
  add             2    0[BANK0 ] int 
  data            1    2[BANK0 ] PTR unsigned char 
		 -> main@teste(6), 
  len             2    3[BANK0 ] int 
 Auto vars:     Size  Location     Type
  i               2    5[BANK0 ] unsigned int 
 Return value:  Size  Location     Type
                  1    wreg      PTR unsigned char 
 Registers used:
		wreg, fsr0l, fsr0h, status,2, status,0, btemp+1, pclath, cstack
 Tracked objects:
		On entry : 
		On exit  : 
		Unchanged: 
 Data sizes:     COMMON   BANK0   BANK1   BANK3   BANK2
      Params:         0       5       0       0       0
      Locals:         0       2       0       0       0
      Temps:          1       0       0       0       0
      Totals:         1       7       0       0       0
Total ram usage:        8 bytes
 Hardware stack levels used:    1
 Hardware stack levels required when called:    3
 This function calls:
		_i2c_ACK
		_i2c_Read
		_i2c_Restart
		_i2c_Start
		_i2c_Stop
		_i2c_Write
 This function is called by:
		_main
 This function uses a non-reentrant model


 *************** function _i2c_Write *****************
 Defined at:
		line 40 in file "EEPROM_ext.c"
 Parameters:    Size  Location     Type
  data            1    wreg     unsigned char 
 Auto vars:     Size  Location     Type
  data            1    4[COMMON] unsigned char 
 Return value:  Size  Location     Type
                  1    wreg      unsigned char 
 Registers used:
		wreg, status,2, status,0, pclath, cstack
 Tracked objects:
		On entry : 
		On exit  : 
		Unchanged: 
 Data sizes:     COMMON   BANK0   BANK1   BANK3   BANK2
      Params:         0       0       0       0       0
      Locals:         1       0       0       0       0
      Temps:          0       0       0       0       0
      Totals:         1       0       0       0       0
Total ram usage:        1 bytes
 Hardware stack levels used:    1
 Hardware stack levels required when called:    2
 This function calls:
		_i2c_Wait
 This function is called by:
		_EEPROM_Write_Page
		_EEPROM_Read_Page
		_EEPROM_Write
		_EEPROM_Read
 This function uses a non-reentrant model


 *************** function _i2c_Stop *****************
 Defined at:
		line 35 in file "EEPROM_ext.c"
 Parameters:    Size  Location     Type
		None
 Auto vars:     Size  Location     Type
		None
 Return value:  Size  Location     Type
                  1    wreg      void 
 Registers used:
		wreg, status,2, status,0, pclath, cstack
 Tracked objects:
		On entry : 
		On exit  : 
		Unchanged: 
 Data sizes:     COMMON   BANK0   BANK1   BANK3   BANK2
      Params:         0       0       0       0       0
      Locals:         0       0       0       0       0
      Temps:          0       0       0       0       0
      Totals:         0       0       0       0       0
Total ram usage:        0 bytes
 Hardware stack levels used:    1
 Hardware stack levels required when called:    2
 This function calls:
		_i2c_Wait
 This function is called by:
		_EEPROM_Write_Page
		_EEPROM_Read_Page
		_EEPROM_Write
		_EEPROM_Read
 This function uses a non-reentrant model


 *************** function _i2c_Start *****************
 Defined at:
		line 25 in file "EEPROM_ext.c"
 Parameters:    Size  Location     Type
		None
 Auto vars:     Size  Location     Type
		None
 Return value:  Size  Location     Type
                  1    wreg      void 
 Registers used:
		wreg, status,2, status,0, pclath, cstack
 Tracked objects:
		On entry : 
		On exit  : 
		Unchanged: 
 Data sizes:     COMMON   BANK0   BANK1   BANK3   BANK2
      Params:         0       0       0       0       0
      Locals:         0       0       0       0       0
      Temps:          0       0       0       0       0
      Totals:         0       0       0       0       0
Total ram usage:        0 bytes
 Hardware stack levels used:    1
 Hardware stack levels required when called:    2
 This function calls:
		_i2c_Wait
 This function is called by:
		_EEPROM_Write_Page
		_EEPROM_Read_Page
		_EEPROM_Write
		_EEPROM_Read
 This function uses a non-reentrant model


 *************** function _i2c_Restart *****************
 Defined at:
		line 30 in file "EEPROM_ext.c"
 Parameters:    Size  Location     Type
		None
 Auto vars:     Size  Location     Type
		None
 Return value:  Size  Location     Type
                  1    wreg      void 
 Registers used:
		wreg, status,2, status,0, pclath, cstack
 Tracked objects:
		On entry : 
		On exit  : 
		Unchanged: 
 Data sizes:     COMMON   BANK0   BANK1   BANK3   BANK2
      Params:         0       0       0       0       0
      Locals:         0       0       0       0       0
      Temps:          0       0       0       0       0
      Totals:         0       0       0       0       0
Total ram usage:        0 bytes
 Hardware stack levels used:    1
 Hardware stack levels required when called:    2
 This function calls:
		_i2c_Wait
 This function is called by:
		_EEPROM_Write_Page
		_EEPROM_Read_Page
		_EEPROM_Write
		_EEPROM_Read
 This function uses a non-reentrant model


 *************** function _i2c_Read *****************
 Defined at:
		line 48 in file "EEPROM_ext.c"
 Parameters:    Size  Location     Type
		None
 Auto vars:     Size  Location     Type
		None
 Return value:  Size  Location     Type
                  1    wreg      unsigned char 
 Registers used:
		wreg, status,2, status,0, pclath, cstack
 Tracked objects:
		On entry : 
		On exit  : 
		Unchanged: 
 Data sizes:     COMMON   BANK0   BANK1   BANK3   BANK2
      Params:         0       0       0       0       0
      Locals:         0       0       0       0       0
      Temps:          0       0       0       0       0
      Totals:         0       0       0       0       0
Total ram usage:        0 bytes
 Hardware stack levels used:    1
 Hardware stack levels required when called:    2
 This function calls:
		_i2c_Wait
 This function is called by:
		_EEPROM_Read_Page
		_EEPROM_Read
 This function uses a non-reentrant model


 *************** function _i2c_ACK *****************
 Defined at:
		line 58 in file "EEPROM_ext.c"
 Parameters:    Size  Location     Type
		None
 Auto vars:     Size  Location     Type
		None
 Return value:  Size  Location     Type
                  1    wreg      void 
 Registers used:
		wreg, status,2, status,0, pclath, cstack
 Tracked objects:
		On entry : 
		On exit  : 
		Unchanged: 
 Data sizes:     COMMON   BANK0   BANK1   BANK3   BANK2
      Params:         0       0       0       0       0
      Locals:         0       0       0       0       0
      Temps:          0       0       0       0       0
      Totals:         0       0       0       0       0
Total ram usage:        0 bytes
 Hardware stack levels used:    1
 Hardware stack levels required when called:    2
 This function calls:
		_i2c_Wait
 This function is called by:
		_EEPROM_Read_Page
 This function uses a non-reentrant model


 *************** function _i2c_Wait *****************
 Defined at:
		line 21 in file "EEPROM_ext.c"
 Parameters:    Size  Location     Type
		None
 Auto vars:     Size  Location     Type
		None
 Return value:  Size  Location     Type
                  1    wreg      void 
 Registers used:
		wreg, status,2
 Tracked objects:
		On entry : 
		On exit  : 
		Unchanged: 
 Data sizes:     COMMON   BANK0   BANK1   BANK3   BANK2
      Params:         0       0       0       0       0
      Locals:         0       0       0       0       0
      Temps:          0       0       0       0       0
      Totals:         0       0       0       0       0
Total ram usage:        0 bytes
 Hardware stack levels used:    1
 Hardware stack levels required when called:    1
 This function calls:
		Nothing
 This function is called by:
		_i2c_Start
		_i2c_Restart
		_i2c_Stop
		_i2c_Write
		_i2c_Read
		_i2c_ACK
		_i2c_NACK
 This function uses a non-reentrant model


 *************** function _timer *****************
 Defined at:
		line 91 in file "main.c"
 Parameters:    Size  Location     Type
		None
 Auto vars:     Size  Location     Type
  countTimer1     2    2[COMMON] int 
 Return value:  Size  Location     Type
                  1    wreg      void 
 Registers used:
		wreg, status,2, status,0
 Tracked objects:
		On entry : 
		On exit  : 
		Unchanged: 
 Data sizes:     COMMON   BANK0   BANK1   BANK3   BANK2
      Params:         0       0       0       0       0
      Locals:         2       0       0       0       0
      Temps:          2       0       0       0       0
      Totals:         4       0       0       0       0
Total ram usage:        4 bytes
 Hardware stack levels used:    1
 This function calls:
		Nothing
 This function is called by:
		Interrupt level 1
 This function uses a non-reentrant model



MODULE INFORMATION

Module		Function		Class		Link	Load	Size
C:\Program Files (x86)\Microchip\MPLABX\v2.20\pic\sources\c90\common\sprcmul.c
		___flmul       		CODE           	0051	0000	866

C:\Program Files (x86)\Microchip\MPLABX\v2.20\pic\sources\c90\common\sprcmul.c estimated size: 866

C:\Program Files (x86)\Microchip\MPLABX\v2.20\pic\sources\c90\common\__lldiv.c
		___lldiv       		CODE           	0BA6	0000	105

C:\Program Files (x86)\Microchip\MPLABX\v2.20\pic\sources\c90\common\__lldiv.c estimated size: 105

C:\Program Files (x86)\Microchip\MPLABX\v2.20\pic\sources\c90\common\sprcdiv.c
		___fldiv       		CODE           	0E23	0000	478

C:\Program Files (x86)\Microchip\MPLABX\v2.20\pic\sources\c90\common\sprcdiv.c estimated size: 478

C:\Program Files (x86)\Microchip\MPLABX\v2.20\pic\sources\c90\common\xxtofl.c
		___xxtofl      		CODE           	0D67	0000	189

C:\Program Files (x86)\Microchip\MPLABX\v2.20\pic\sources\c90\common\xxtofl.c estimated size: 189

C:\Program Files (x86)\Microchip\MPLABX\v2.20\pic\sources\c90\common\strlen.c
		_strlen        		CODE           	09C5	0000	37

C:\Program Files (x86)\Microchip\MPLABX\v2.20\pic\sources\c90\common\strlen.c estimated size: 37

C:\Program Files (x86)\Microchip\MPLABX\v2.20\pic\sources\c90\common\Umul8_16.c
		__Umul8_16     		CODE           	09E9	0000	42

C:\Program Files (x86)\Microchip\MPLABX\v2.20\pic\sources\c90\common\Umul8_16.c estimated size: 42

C:\Program Files (x86)\Microchip\MPLABX\v2.20\pic\sources\c90\common\doprnt.c
		_sprintf       		CODE           	064B	0000	303

C:\Program Files (x86)\Microchip\MPLABX\v2.20\pic\sources\c90\common\doprnt.c estimated size: 303

C:\Program Files (x86)\Microchip\MPLABX\v2.20\pic\sources\c90\common\lwmod.c
		___lwmod       		CODE           	0A83	0000	61

C:\Program Files (x86)\Microchip\MPLABX\v2.20\pic\sources\c90\common\lwmod.c estimated size: 61

shared
		__stringtab    		STRING         	0800	0000	17
		_dpowers       		STRING         	0810	0000	11
		__initialization		CODE           	000F	0000	63

shared estimated size: 91

EEPROM_ext.c
		_i2c_Write     		CODE           	0964	0000	22
		_i2c_Stop      		CODE           	091D	0000	10
		_i2c_Wait      		CODE           	0947	0000	14
		_i2c_Read      		CODE           	098F	0000	24
		_EEPROM_Read_Page		CODE           	0C0E	0000	107
		_EEPROM_Write_Page		CODE           	0B45	0000	98
		_i2cSetup      		CODE           	0A12	0000	57
		_i2c_ACK       		CODE           	092F	0000	13
		_i2c_Start     		CODE           	0914	0000	10
		_i2c_Restart   		CODE           	090B	0000	10

EEPROM_ext.c estimated size: 365

main.c
		_PWMSetup      		CODE           	093B	0000	13
		_uartSendChar  		CODE           	07F5	0000	11
		_PWMDuty       		CODE           	0CEC	0000	124
		_uartSendString		CODE           	0ABF	0000	65
		_main          		CODE           	03B2	0000	666
		_adcSetup      		CODE           	0926	0000	10
		_timer         		CODE           	0C78	0000	117
		_valuefromSensor		CODE           	09A6	0000	32
		_usartSetup    		CODE           	0954	0000	17
		_sendMessage   		CODE           	0A4A	0000	58
		_buzzer        		CODE           	0979	0000	23

main.c estimated size: 1136

C:\Program Files (x86)\Microchip\MPLABX\v2.20\pic\sources\c90\common\lwdiv.c
		___lwdiv       		CODE           	0AFF	0000	71

C:\Program Files (x86)\Microchip\MPLABX\v2.20\pic\sources\c90\common\lwdiv.c estimated size: 71

C:\Program Files (x86)\Microchip\MPLABX\v2.20\pic\sources\c90\common\fltol.c
		___fltol       		CODE           	0779	0000	125

C:\Program Files (x86)\Microchip\MPLABX\v2.20\pic\sources\c90\common\fltol.c estimated size: 125

